
b.com/Sweta170/mcino-Introduction-to-Git-and-GitHub.git
theia@theia-sweta1221712:/home/project/mcino-Introduction-to-Git-and-GitHub$ git push origin main
Enumerating objects: 5, done.
Counting objects: 100% (5/5), done.
Delta compression using up to 8 threads
Compressing objects: 100% (3/3), done.
Writing objects: 100% (3/3), 304 bytes | 304.00 KiB/s, done.
Total 3 (delta 2), reused 0 (delta 0), pack-reused 0
remote: Resolving deltas: 100% (2/2), completed with 2 local objects.
To https://github.com/Sweta170/mcino-Introduction-to-Git-and-GitHub.git
   ad95b0a..051202e  main -> main
theia@theia-sweta1221712:/home/project/mcino-Introduction-to-Git-and-GitHub$ git merge bug-fix-typo
Already up to date.
theia@theia-sweta1221712:/home/project/mcino-Introduction-to-Git-and-GitHub$ git status
On branch main
Your branch is up to date with 'origin/main'.

nothing to commit, working tree clean
